// Jest Snapshot v1, https://goo.gl/fbAQLP

exports[`loadCoursesDocument should return js Document from url 1`] = `
Document {
  "location": Location {
    "assign": [Function],
    "hash": "",
    "host": "",
    "hostname": "",
    "href": "about:blank",
    "origin": "null",
    "pathname": "blank",
    "port": "",
    "protocol": "about:",
    "reload": [Function],
    "replace": [Function],
    "search": "",
    "toString": [Function],
  },
}
`;
